Circuit: * C:\GIT\UltraZohm\pcb_design\uz_per_sic_inverter_828xcc\LTSpice\CurrMeas.asc

WARNING: Less than two connections to node n003.  This node is used by a1.
Direct Newton iteration failed to find .op point.  (Use ".option noopiter" to skip.)
Starting Gmin stepping
Gmin = 10
Gmin = 1.07374
Gmin = 0.115292
Gmin = 0.0123794
Gmin = 0.00132923
vernier = 0.5
Gmin = 0.000339899
vernier = 0.666667
vernier = 0.888888
Gmin = 6.56245e-05
vernier = 1
Gmin = 7.53781e-06
Gmin = 8.09366e-07
Gmin = 8.6905e-08
Gmin = 9.33136e-09
Gmin = 1.00195e-09
Gmin = 1.07583e-10
Gmin = 1.15517e-11
Gmin = 1.24035e-12
Gmin = 1.33182e-13
Gmin = 0
Gmin stepping succeeded in finding the operating point.


Date: Tue Feb 14 13:37:03 2023
Total elapsed time: 0.271 seconds.

tnom = 27
temp = 27
method = modified trap
totiter = 5496
traniter = 4832
tranpoints = 1767
accept = 1566
rejected = 201
matrix size = 85
fillins = 164
solver = Normal
Avg thread counts: 1.3/1.8/1.8/1.3
Matrix Compiler1: 10.51 KB object code size  2.4/2.0/[1.9]
Matrix Compiler2: 10.06 KB object code size  1.1/1.1/[0.6]

