Circuit: * C:\GIT\UltraZohm\pcb_design\uz_per_sic_inverter_828xcc\LTSpice\VoltageMeas.asc

Direct Newton iteration failed to find .op point.  (Use ".option noopiter" to skip.)
Starting Gmin stepping
Gmin = 10
Gmin = 1.07374
Gmin = 0.115292
Gmin = 0.0123794
Gmin = 0.00132923
Gmin = 0.000142725
Gmin = 1.5325e-05
Gmin = 1.6455e-06
Gmin = 1.76685e-07
Gmin = 1.89714e-08
Gmin = 2.03704e-09
Gmin = 2.18725e-10
Gmin = 2.34854e-11
Gmin = 2.52173e-12
Gmin = 2.70769e-13
Gmin = 0
Gmin stepping succeeded in finding the operating point.


Date: Wed Feb  8 14:26:09 2023
Total elapsed time: 0.188 seconds.

tnom = 27
temp = 27
method = modified trap
totiter = 2573
traniter = 2082
tranpoints = 1042
accept = 1042
rejected = 0
matrix size = 66
fillins = 72
solver = Normal
Avg thread counts: 3.4/3.1/2.3/1.7
Matrix Compiler1: 5.55 KB object code size  1.5/1.1/[0.9]
Matrix Compiler2: 6.48 KB object code size  0.8/1.1/[0.5]

